include mouse.map
include keys.map

device keyboard 0 key US_keyboard
device mouse 0 mouse standard_mouse

bind __gamescreen__

mode base

map key:0       press       CAMERA_VIEW_0
map key:1       press       CAMERA_VIEW_1
map key:2       press       CAMERA_VIEW_2
map key:3       press       CAMERA_VIEW_3
map key:4       press       CAMERA_VIEW_4
map key:5       press       CAMERA_VIEW_5
map key:6       press       CAMERA_VIEW_6
map key:7       press       CAMERA_VIEW_7
map key:8       press       CAMERA_VIEW_8
map key:9       press       CAMERA_VIEW_9
map key:CTRL-KP4     press       CAMERA_PAN_LEFT
map key:CTRL-KP4     release     CAMERA_PAN_LEFT_STOP
map key:CTRL-KP6     press       CAMERA_PAN_RIGHT
map key:CTRL-KP6     release     CAMERA_PAN_RIGHT_STOP
map key:CTRL-KP8     press       CAMERA_PAN_UP
map key:CTRL-KP8     release     CAMERA_PAN_UP_STOP
map key:CTRL-KP2     press       CAMERA_PAN_DOWN
map key:CTRL-KP2     release     CAMERA_PAN_DOWN_STOP

map key:ESCAPE      press       QUIT
map key:p           press       PAUSE
map key:r           press       TOGGLE_RECORDER
map key:ALT-w       press       TOGGLE_WIREFRAME
map key:F12         press       STATS
map key:HOME        press       CONSOLE
map key:SPACE       press       CHANGE_VEHICLE

map key:KP_PLUS     press       CAMERA_ZOOM_IN
map key:KP_PLUS     release     CAMERA_ZOOM_STOP
map key:KP_MINUS    press       CAMERA_ZOOM_OUT
map key:KP_MINUS    release     CAMERA_ZOOM_STOP

map key:SHIFT-KP_PLUS     press       CAMERA_FOV_STEP_DEC
map key:SHIFT-KP_MINUS    press       CAMERA_FOV_STEP_INC

map key:F1          press       SPIN_THE_WORLD/B|SPIN_THE_WORLD_STOP/B
map key:F2          press       RESET_SPIN
map key:F3          press       TOGGLE_CLOUDS

map key:o           press       PRINT_SCREEN
map key:l           press       LABELS_TOGGLE

map mouse:WHEELUP           press       CAMERA_ZOOM_STEP_IN
map mouse:WHEELDOWN         press       CAMERA_ZOOM_STEP_OUT
map mouse:SHIFT-WHEELUP     press       CAMERA_FOV_STEP_DEC
map mouse:SHIFT-WHEELDOWN   press       CAMERA_FOV_STEP_INC

map mouse:LEFT      move        CAMERA_PAN
map mouse:LEFT      release     LEFT_CLICK

map key:CTRL-UP      press           CAMERA_FORWARD|CAMERA_DESELECT
map key:CTRL-RIGHT   press           CAMERA_RIGHT|CAMERA_DESELECT
map key:CTRL-LEFT    press           CAMERA_LEFT|CAMERA_DESELECT
map key:CTRL-DOWN    press           CAMERA_BACKWARD|CAMERA_DESELECT
map key:SHIFT-UP     press           CAMERA_FORWARD
map key:SHIFT-UP     release         CAMERA_RESELECT
map key:SHIFT-DOWN   press           CAMERA_SELECT
