# abstracted from SDL_keysym.h

define US_keyboard:UNKNOWN         0
define US_keyboard:FIRST           0
define US_keyboard:BACKSPACE       8
define US_keyboard:TAB             9
define US_keyboard:CLEAR           12
define US_keyboard:RETURN          13
define US_keyboard:PAUSE           19
define US_keyboard:ESCAPE          27
define US_keyboard:SPACE           32
define US_keyboard:EXCLAIM         33
define US_keyboard:QUOTEDBL        34
define US_keyboard:HASH            35
define US_keyboard:DOLLAR          36
define US_keyboard:AMPERSAND       38
define US_keyboard:QUOTE           39
define US_keyboard:LEFTPAREN       40
define US_keyboard:RIGHTPAREN      41
define US_keyboard:ASTERISK        42
define US_keyboard:PLUS            43
define US_keyboard:COMMA           44
define US_keyboard:MINUS           45
define US_keyboard:PERIOD          46
define US_keyboard:SLASH           47
define US_keyboard:0               48
define US_keyboard:1               49
define US_keyboard:2               50
define US_keyboard:3               51
define US_keyboard:4               52
define US_keyboard:5               53
define US_keyboard:6               54
define US_keyboard:7               55
define US_keyboard:8               56
define US_keyboard:9               57
define US_keyboard:COLON           58
define US_keyboard:SEMICOLON       59
define US_keyboard:LESS            60
define US_keyboard:EQUALS          61
define US_keyboard:GREATER         62
define US_keyboard:QUESTION        63
define US_keyboard:AT              64

#   Skip uppercase letters

define US_keyboard:LEFTBRACKET     91
define US_keyboard:BACKSLASH       92
define US_keyboard:RIGHTBRACKET    93
define US_keyboard:CARET           94
define US_keyboard:UNDERSCORE      95
define US_keyboard:BACKQUOTE       96
define US_keyboard:a               97
define US_keyboard:b               98
define US_keyboard:c               99
define US_keyboard:d               100
define US_keyboard:e               101
define US_keyboard:f               102
define US_keyboard:g               103
define US_keyboard:h               104
define US_keyboard:i               105
define US_keyboard:j               106
define US_keyboard:k               107
define US_keyboard:l               108
define US_keyboard:m               109
define US_keyboard:n               110
define US_keyboard:o               111
define US_keyboard:p               112
define US_keyboard:q               113
define US_keyboard:r               114
define US_keyboard:s               115
define US_keyboard:t               116
define US_keyboard:u               117
define US_keyboard:v               118
define US_keyboard:w               119
define US_keyboard:x               120
define US_keyboard:y               121
define US_keyboard:z               122
define US_keyboard:DELETE          127
# End of ASCII mapped US_keyboardsyms

# International US_keyboardboard syms
define US_keyboard:WORLD_0         160
define US_keyboard:WORLD_1         161
define US_keyboard:WORLD_2         162
define US_keyboard:WORLD_3         163
define US_keyboard:WORLD_4         164
define US_keyboard:WORLD_5         165
define US_keyboard:WORLD_6         166
define US_keyboard:WORLD_7         167
define US_keyboard:WORLD_8         168
define US_keyboard:WORLD_9         169
define US_keyboard:WORLD_10        170
define US_keyboard:WORLD_11        171
define US_keyboard:WORLD_12        172
define US_keyboard:WORLD_13        173
define US_keyboard:WORLD_14        174
define US_keyboard:WORLD_15        175
define US_keyboard:WORLD_16        176
define US_keyboard:WORLD_17        177
define US_keyboard:WORLD_18        178
define US_keyboard:WORLD_19        179
define US_keyboard:WORLD_20        180
define US_keyboard:WORLD_21        181
define US_keyboard:WORLD_22        182
define US_keyboard:WORLD_23        183
define US_keyboard:WORLD_24        184
define US_keyboard:WORLD_25        185
define US_keyboard:WORLD_26        186
define US_keyboard:WORLD_27        187
define US_keyboard:WORLD_28        188
define US_keyboard:WORLD_29        189
define US_keyboard:WORLD_30        190
define US_keyboard:WORLD_31        191
define US_keyboard:WORLD_32        192
define US_keyboard:WORLD_33        193
define US_keyboard:WORLD_34        194
define US_keyboard:WORLD_35        195
define US_keyboard:WORLD_36        196
define US_keyboard:WORLD_37        197
define US_keyboard:WORLD_38        198
define US_keyboard:WORLD_39        199
define US_keyboard:WORLD_40        200
define US_keyboard:WORLD_41        201
define US_keyboard:WORLD_42        202
define US_keyboard:WORLD_43        203
define US_keyboard:WORLD_44        204
define US_keyboard:WORLD_45        205
define US_keyboard:WORLD_46        206
define US_keyboard:WORLD_47        207
define US_keyboard:WORLD_48        208
define US_keyboard:WORLD_49        209
define US_keyboard:WORLD_50        210
define US_keyboard:WORLD_51        211
define US_keyboard:WORLD_52        212
define US_keyboard:WORLD_53        213
define US_keyboard:WORLD_54        214
define US_keyboard:WORLD_55        215
define US_keyboard:WORLD_56        216
define US_keyboard:WORLD_57        217
define US_keyboard:WORLD_58        218
define US_keyboard:WORLD_59        219
define US_keyboard:WORLD_60        220
define US_keyboard:WORLD_61        221
define US_keyboard:WORLD_62        222
define US_keyboard:WORLD_63        223
define US_keyboard:WORLD_64        224
define US_keyboard:WORLD_65        225
define US_keyboard:WORLD_66        226
define US_keyboard:WORLD_67        227
define US_keyboard:WORLD_68        228
define US_keyboard:WORLD_69        229
define US_keyboard:WORLD_70        230
define US_keyboard:WORLD_71        231
define US_keyboard:WORLD_72        232
define US_keyboard:WORLD_73        233
define US_keyboard:WORLD_74        234
define US_keyboard:WORLD_75        235
define US_keyboard:WORLD_76        236
define US_keyboard:WORLD_77        237
define US_keyboard:WORLD_78        238
define US_keyboard:WORLD_79        239
define US_keyboard:WORLD_80        240
define US_keyboard:WORLD_81        241
define US_keyboard:WORLD_82        242
define US_keyboard:WORLD_83        243
define US_keyboard:WORLD_84        244
define US_keyboard:WORLD_85        245
define US_keyboard:WORLD_86        246
define US_keyboard:WORLD_87        247
define US_keyboard:WORLD_88        248
define US_keyboard:WORLD_89        249
define US_keyboard:WORLD_90        250
define US_keyboard:WORLD_91        251
define US_keyboard:WORLD_92        252
define US_keyboard:WORLD_93        253
define US_keyboard:WORLD_94        254
define US_keyboard:WORLD_95        255

# Numeric US_keyboardpad
define US_keyboard:KP0             256
define US_keyboard:KP1             257
define US_keyboard:KP2             258
define US_keyboard:KP3             259
define US_keyboard:KP4             260
define US_keyboard:KP5             261
define US_keyboard:KP6             262
define US_keyboard:KP7             263
define US_keyboard:KP8             264
define US_keyboard:KP9             265
define US_keyboard:KP_PERIOD       266
define US_keyboard:KP_DIVIDE       267
define US_keyboard:KP_MULTIPLY     268
define US_keyboard:KP_MINUS        269
define US_keyboard:KP_PLUS         270
define US_keyboard:KP_ENTER        271
define US_keyboard:KP_EQUALS       272

# Arrows + Home/End pad
define US_keyboard:UP              273
define US_keyboard:DOWN            274
define US_keyboard:RIGHT           275
define US_keyboard:LEFT            276
define US_keyboard:INSERT          277
define US_keyboard:HOME            278
define US_keyboard:END             279
define US_keyboard:PAGEUP          280
define US_keyboard:PAGEDOWN        281

# Function US_keyboards
define US_keyboard:F1              282
define US_keyboard:F2              283
define US_keyboard:F3              284
define US_keyboard:F4              285
define US_keyboard:F5              286
define US_keyboard:F6              287
define US_keyboard:F7              288
define US_keyboard:F8              289
define US_keyboard:F9              290
define US_keyboard:F10             291
define US_keyboard:F11             292
define US_keyboard:F12             293
define US_keyboard:F13             294
define US_keyboard:F14             295
define US_keyboard:F15             296

# Key state modifier US_keyboards
define US_keyboard:NUMLOCK         300
define US_keyboard:CAPSLOCK        301
define US_keyboard:SCROLLOCK       302
define US_keyboard:RSHIFT          303
define US_keyboard:LSHIFT          304
define US_keyboard:RCTRL           305
define US_keyboard:LCTRL           306
define US_keyboard:RALT            307
define US_keyboard:LALT            308
define US_keyboard:RMETA           309
define US_keyboard:LMETA           310
define US_keyboard:LSUPER          311
define US_keyboard:RSUPER          312
define US_keyboard:MODE            313
define US_keyboard:COMPOSE         314

# Miscellaneous function US_keyboards
define US_keyboard:HELP            315
define US_keyboard:PRINT           316
define US_keyboard:SYSREQ          317
define US_keyboard:BREAK           318
define US_keyboard:MENU            319
define US_keyboard:POWER           320
define US_keyboard:EURO            321
define US_keyboard:UNDO            322

